Godot Engine v4.7.2.stable.official.ed1daf0bf - https://godotengine.org

ERROR: Failed to read the root certificate store.
   at: get_system_ca_certificates (platform/windows/os_windows.cpp:2582)
[   0% ] first_scan_filesystem | Started 專案初始化中 (5 steps)
[   0% ] first_scan_filesystem | 正在掃描檔案結構…
WARNING: Detected another project.godot at res://build/audio-qa. The folder will be ignored.
   at: _should_skip_directory (editor/file_system/editor_file_system.cpp:3497)
[  16% ] first_scan_filesystem | 正在載入全域類別名稱…
[  33% ] first_scan_filesystem | 正在驗證 GDExtension…
[  50% ] first_scan_filesystem | 正在建立自動載入腳本…
[  66% ] first_scan_filesystem | 初始化外掛程式...
[  83% ] first_scan_filesystem | 開始掃描檔案...
[ DONE ] first_scan_filesystem

WARNING: UID duplicate detected between res://web/apple-touch-icon.png and res://build/audio-web/apple-touch-icon.png.
   at: _process_file_system (editor/file_system/editor_file_system.cpp:1405)
WARNING: UID duplicate detected between res://web/favicon-16.png and res://build/audio-web/favicon-16.png.
   at: _process_file_system (editor/file_system/editor_file_system.cpp:1405)
WARNING: UID duplicate detected between res://web/favicon-32.png and res://build/audio-web/favicon-32.png.
   at: _process_file_system (editor/file_system/editor_file_system.cpp:1405)
WARNING: UID duplicate detected between res://web/icon-192.png and res://build/audio-web/icon-192.png.
   at: _process_file_system (editor/file_system/editor_file_system.cpp:1405)
WARNING: UID duplicate detected between res://web/icon-512.png and res://build/audio-web/icon-512.png.
   at: _process_file_system (editor/file_system/editor_file_system.cpp:1405)
[   0% ] update_scripts_classes | Started 註冊全域類別中... (7 steps)
[   0% ] update_scripts_classes | 
[  12% ] update_scripts_classes | 
[  25% ] update_scripts_classes | 
[  37% ] update_scripts_classes | 
[  50% ] update_scripts_classes | 
[  62% ] update_scripts_classes | 
[  75% ] update_scripts_classes | 
[ DONE ] update_scripts_classes

[   0% ] reimport | Started （重新）匯入素材 (1 steps)
[   0% ] reimport | 正在準備重新匯入檔案…
[   0% ] reimport | 執行預先重新匯入作業…
[   0% ] reimport | ArchiveStudySans.otf
[  50% ] reimport | 完成素材匯入...
[ DONE ] reimport

[   0% ] reimport | Started （重新）匯入素材 (1 steps)
[   0% ] reimport | 執行重新匯入後續處理作業…
[ DONE ] reimport

[   0% ] savepack | Started 打包中 (102 steps)
[   1% ] savepack | 儲存檔案：res://.godot/imported/back.wav-4aae2471363b6b97ed0bd717ea3d6118.sample
[   1% ] savepack | 儲存檔案：res://assets/audio/back.wav.import
[   3% ] savepack | 儲存檔案：res://.godot/imported/bump.wav-7fad58829f77f12f9e91c71293c54fee.sample
[   3% ] savepack | 儲存檔案：res://assets/audio/bump.wav.import
[   6% ] savepack | 儲存檔案：res://.godot/imported/chest.wav-32fcd1e8de534e6b05c0e9c7ebcc1eb9.sample
[   6% ] savepack | 儲存檔案：res://assets/audio/chest.wav.import
[   8% ] savepack | 儲存檔案：res://.godot/imported/click.wav-726094e36c7052fadb6392aaf7409595.sample
[   8% ] savepack | 儲存檔案：res://assets/audio/click.wav.import
[  11% ] savepack | 儲存檔案：res://.godot/imported/complete.wav-c68699f1d953f56f7d9d6484d4ef9d4f.sample
[  11% ] savepack | 儲存檔案：res://assets/audio/complete.wav.import
[  13% ] savepack | 儲存檔案：res://.godot/imported/door.wav-44917a986749810eab0efbb8873b8ccb.sample
[  13% ] savepack | 儲存檔案：res://assets/audio/door.wav.import
[  16% ] savepack | 儲存檔案：res://.godot/imported/enter_maze.wav-5991a4db3e5ec2aae4333860836afd32.sample
[  16% ] savepack | 儲存檔案：res://assets/audio/enter_maze.wav.import
[  18% ] savepack | 儲存檔案：res://.godot/imported/exit_hint.wav-05bd63eb55c98d1e643a7813fcff53a5.sample
[  18% ] savepack | 儲存檔案：res://assets/audio/exit_hint.wav.import
[  21% ] savepack | 儲存檔案：res://.godot/imported/exploration.wav-845e9adcfe700065865c2c0a91850e1c.sample
[  21% ] savepack | 儲存檔案：res://assets/audio/exploration.wav.import
[  23% ] savepack | 儲存檔案：res://.godot/imported/file.wav-fe1e10f69210ece35ad69a39b8af6686.sample
[  23% ] savepack | 儲存檔案：res://assets/audio/file.wav.import
[  26% ] savepack | 儲存檔案：res://.godot/imported/files_ready.wav-c9d2104507311e8e91ae1a36fe81547b.sample
[  26% ] savepack | 儲存檔案：res://assets/audio/files_ready.wav.import
[  28% ] savepack | 儲存檔案：res://.godot/imported/footstep.wav-1bf931290d10f06d867c94e89a3de372.sample
[  28% ] savepack | 儲存檔案：res://assets/audio/footstep.wav.import
[  31% ] savepack | 儲存檔案：res://.godot/imported/help.wav-41e4d2f85b38c4466100997bd398478c.sample
[  31% ] savepack | 儲存檔案：res://assets/audio/help.wav.import
[  33% ] savepack | 儲存檔案：res://.godot/imported/incomplete.wav-65ac2e838eeb8c81340b0d95ce88236d.sample
[  33% ] savepack | 儲存檔案：res://assets/audio/incomplete.wav.import
[  35% ] savepack | 儲存檔案：res://.godot/imported/insufficient.wav-a2e93c0301fbbbbf36d32ffb1898b160.sample
[  35% ] savepack | 儲存檔案：res://assets/audio/insufficient.wav.import
[  37% ] savepack | 儲存檔案：res://.godot/imported/investigate.wav-694cab5a6b9208d08c09cbda8be5f49a.sample
[  37% ] savepack | 儲存檔案：res://assets/audio/investigate.wav.import
[  40% ] savepack | 儲存檔案：res://.godot/imported/locked.wav-84a83c89764b00b622eea84ab24f3d38.sample
[  40% ] savepack | 儲存檔案：res://assets/audio/locked.wav.import
[  42% ] savepack | 儲存檔案：res://.godot/imported/place.wav-1edabb5558d5fd30aa083ae98cd39bf2.sample
[  42% ] savepack | 儲存檔案：res://assets/audio/place.wav.import
[  45% ] savepack | 儲存檔案：res://.godot/imported/purchase.wav-b1741d21e720116831bd475d57bf6a9c.sample
[  45% ] savepack | 儲存檔案：res://assets/audio/purchase.wav.import
[  47% ] savepack | 儲存檔案：res://.godot/imported/reset_prompt.wav-5808f16d9d60ef1d459e12b5d795cfcd.sample
[  47% ] savepack | 儲存檔案：res://assets/audio/reset_prompt.wav.import
[  50% ] savepack | 儲存檔案：res://.godot/imported/select.wav-aed1a691d68aeb5e967d16e0e58699b8.sample
[  50% ] savepack | 儲存檔案：res://assets/audio/select.wav.import
[  52% ] savepack | 儲存檔案：res://.godot/imported/shop_open.wav-f1d3a5bf72889e75fda3713e49681f29.sample
[  52% ] savepack | 儲存檔案：res://assets/audio/shop_open.wav.import
[  55% ] savepack | 儲存檔案：res://.godot/imported/shortcut.wav-a50af4c717a86e3105c2a6038fc63d9a.sample
[  55% ] savepack | 儲存檔案：res://assets/audio/shortcut.wav.import
[  57% ] savepack | 儲存檔案：res://.godot/imported/switch.wav-07ea2fe3a03d6c5abe64ad25d70092f8.sample
[  57% ] savepack | 儲存檔案：res://assets/audio/switch.wav.import
[  60% ] savepack | 儲存檔案：res://.godot/imported/topic.wav-c6a2eae2db772b4ab7ed1c5408be3ee9.sample
[  60% ] savepack | 儲存檔案：res://assets/audio/topic.wav.import
[  62% ] savepack | 儲存檔案：res://.godot/imported/tower.wav-53972cb8e085506ec410e048639d1fbd.sample
[  62% ] savepack | 儲存檔案：res://assets/audio/tower.wav.import
[  65% ] savepack | 儲存檔案：res://.godot/imported/wrong.wav-6db4f6f5b1dea3769f59d520a2e65f46.sample
[  65% ] savepack | 儲存檔案：res://assets/audio/wrong.wav.import
[  66% ] savepack | 儲存檔案：res://.godot/imported/ArchiveStudySans.otf-af2ad7d5fbb76189b53744c96aa8f7b2.fontdata
[  66% ] savepack | 儲存檔案：res://assets/ArchiveStudySans.otf.import
[  69% ] savepack | 儲存檔案：res://.godot/imported/FusionPixel12TC.otf-9dc4f73b1bb780dea3a34b0f491fa383.fontdata
[  69% ] savepack | 儲存檔案：res://assets/FusionPixel12TC.otf.import
[  71% ] savepack | 儲存檔案：res://.godot/exported/133200997/export-3070c538c03ee49b7677ff960a3f5195-main.scn
[  74% ] savepack | 儲存檔案：res://assets/icon.ico
[  76% ] savepack | 儲存檔案：res://.godot/imported/icon.png-b6a7fb2db36edd3d95dc42f1dc8c1c5d.ctex
[  76% ] savepack | 儲存檔案：res://assets/icon.png.import
[  79% ] savepack | 儲存檔案：res://.godot/imported/icon.svg-56083ea2a1f1a4f1e49773bdc6d7826c.ctex
[  79% ] savepack | 儲存檔案：res://assets/icon.svg.import
[  81% ] savepack | 儲存檔案：res://scripts/maze.gdc
[  84% ] savepack | 儲存檔案：res://scripts/game_audio.gdc
[  86% ] savepack | 儲存檔案：res://scripts/study.gdc
[  89% ] savepack | 儲存檔案：res://scripts/student_art.gdc
[  91% ] savepack | 儲存檔案：res://scripts/touch_scroll.gdc
[  94% ] savepack | 儲存檔案：res://data/questions.json
[  96% ] savepack | 儲存檔案：res://scripts/game.gdc
[  96% ] savepack | 儲存檔案：res://main.tscn.remap
[  96% ] savepack | 儲存檔案：res://scripts/maze.gd.remap
[  96% ] savepack | 儲存檔案：res://scripts/game_audio.gd.remap
[  96% ] savepack | 儲存檔案：res://scripts/study.gd.remap
[  96% ] savepack | 儲存檔案：res://scripts/student_art.gd.remap
[  96% ] savepack | 儲存檔案：res://scripts/touch_scroll.gd.remap
[  96% ] savepack | 儲存檔案：res://scripts/game.gd.remap
[  96% ] savepack | 儲存檔案：res://.godot/global_script_class_cache.cfg
[  96% ] savepack | 儲存檔案：res://assets/icon.png
[  96% ] savepack | 儲存檔案：res://.godot/uid_cache.bin
[  96% ] savepack | 儲存檔案：res://project.binary
[ DONE ] savepack

ERROR: Cannot save file 'C:/Users/Lung/AppData/Roaming/Godot/editor_settings-4.7.tres'.
   at: save (scene/resources/resource_format_text.cpp:1768)
ERROR: Error saving editor settings to C:/Users/Lung/AppData/Roaming/Godot/editor_settings-4.7.tres
   at: save (editor/settings/editor_settings.cpp:1525)
