Godot Engine v4.7.2.stable.official.ed1daf0bf - https://godotengine.org

ERROR: Failed to read the root certificate store.
   at: get_system_ca_certificates (platform/windows/os_windows.cpp:2582)
WARNING: Loaded resource as image file, this will not work on export: 'res://assets/icon.png'. Instead, import the image file as an Image resource and load it normally as a resource.
   at: load_from_file (core/io/image.cpp:2780)
   GDScript backtrace (most recent call first):
       [0] _initialize (res://previews/check_icons.gd:11)
WARNING: Loaded resource as image file, this will not work on export: 'res://web/icon-512.png'. Instead, import the image file as an Image resource and load it normally as a resource.
   at: load_from_file (core/io/image.cpp:2780)
   GDScript backtrace (most recent call first):
       [0] _initialize (res://previews/check_icons.gd:11)
WARNING: Loaded resource as image file, this will not work on export: 'res://web/icon-192.png'. Instead, import the image file as an Image resource and load it normally as a resource.
   at: load_from_file (core/io/image.cpp:2780)
   GDScript backtrace (most recent call first):
       [0] _initialize (res://previews/check_icons.gd:11)
WARNING: Loaded resource as image file, this will not work on export: 'res://web/apple-touch-icon.png'. Instead, import the image file as an Image resource and load it normally as a resource.
   at: load_from_file (core/io/image.cpp:2780)
   GDScript backtrace (most recent call first):
       [0] _initialize (res://previews/check_icons.gd:11)
WARNING: Loaded resource as image file, this will not work on export: 'res://web/favicon-32.png'. Instead, import the image file as an Image resource and load it normally as a resource.
   at: load_from_file (core/io/image.cpp:2780)
   GDScript backtrace (most recent call first):
       [0] _initialize (res://previews/check_icons.gd:11)
WARNING: Loaded resource as image file, this will not work on export: 'res://web/favicon-16.png'. Instead, import the image file as an Image resource and load it normally as a resource.
   at: load_from_file (core/io/image.cpp:2780)
   GDScript backtrace (most recent call first):
       [0] _initialize (res://previews/check_icons.gd:11)
PASS: export links, square icon assets, manifest paths and project icon.
