Godot Engine v4.7.2.stable.official.ed1daf0bf - https://godotengine.org

ERROR: Failed to read the root certificate store.
   at: get_system_ca_certificates (platform/windows/os_windows.cpp:2582)
[   0% ] first_scan_filesystem | Started 專案初始化中 (5 steps)
[   0% ] first_scan_filesystem | 正在掃描檔案結構…
[  16% ] first_scan_filesystem | 正在載入全域類別名稱…
[  33% ] first_scan_filesystem | 正在驗證 GDExtension…
[  50% ] first_scan_filesystem | 正在建立自動載入腳本…
[  66% ] first_scan_filesystem | 初始化外掛程式...
[  83% ] first_scan_filesystem | 開始掃描檔案...
[ DONE ] first_scan_filesystem

[   0% ] update_scripts_classes | Started 註冊全域類別中... (4 steps)
[   0% ] update_scripts_classes | 
[  20% ] update_scripts_classes | 
[  40% ] update_scripts_classes | 
[  60% ] update_scripts_classes | 
[ DONE ] update_scripts_classes

[   0% ] _update_scan_actions | Started 掃描動作中... (11 steps)
[   0% ] _update_scan_actions | icon-source.png
[   8% ] _update_scan_actions | icon.png
[  16% ] _update_scan_actions | style-current-detail.png
[  25% ] _update_scan_actions | style-current.png
[  33% ] _update_scan_actions | style-matched-detail.png
[  41% ] _update_scan_actions | style-matched.png
[  50% ] _update_scan_actions | apple-touch-icon.png
[  58% ] _update_scan_actions | favicon-16.png
[  66% ] _update_scan_actions | favicon-32.png
[  75% ] _update_scan_actions | icon-192.png
[  83% ] _update_scan_actions | icon-512.png
[ DONE ] _update_scan_actions

[   0% ] reimport | Started （重新）匯入素材 (11 steps)
[   0% ] reimport | 正在準備重新匯入檔案…
[   8% ] reimport | 正在準備重新匯入檔案…
[  16% ] reimport | 正在準備重新匯入檔案…
[  25% ] reimport | 正在準備重新匯入檔案…
[  33% ] reimport | 正在準備重新匯入檔案…
[  41% ] reimport | 正在準備重新匯入檔案…
[  50% ] reimport | 正在準備重新匯入檔案…
[  58% ] reimport | 正在準備重新匯入檔案…
[  66% ] reimport | 正在準備重新匯入檔案…
[  75% ] reimport | 正在準備重新匯入檔案…
[  83% ] reimport | 正在準備重新匯入檔案…
[   0% ] reimport | 執行預先重新匯入作業…
[   0% ] reimport | icon-source.png
[   8% ] reimport | icon.png
[  16% ] reimport | style-current-detail.png
[  25% ] reimport | style-current.png
[  33% ] reimport | style-matched-detail.png
[  41% ] reimport | style-matched.png
[  50% ] reimport | apple-touch-icon.png
[  58% ] reimport | favicon-16.png
[  66% ] reimport | favicon-32.png
[  75% ] reimport | icon-192.png
[  83% ] reimport | icon-512.png
[  91% ] reimport | 完成素材匯入...
[ DONE ] reimport

[   0% ] reimport | Started （重新）匯入素材 (11 steps)
[   0% ] reimport | 執行重新匯入後續處理作業…
[ DONE ] reimport

[   0% ] loading_editor_layout | Started 正在載入編輯器 (5 steps)
[   0% ] loading_editor_layout | 正在載入編輯器佈局…
[  16% ] loading_editor_layout | 正在載入面板…
[  33% ] loading_editor_layout | 正在重新開啟場景…
[  50% ] loading_editor_layout | 正在載入中央編輯器佈局…
[  66% ] loading_editor_layout | 正在載入外掛視窗佈局…
[  83% ] loading_editor_layout | 編輯器佈局就緒。
[ DONE ] loading_editor_layout

ERROR: Cannot save file 'C:/Users/user/AppData/Roaming/Godot/editor_settings-4.7.tres'.
   at: save (scene/resources/resource_format_text.cpp:1768)
ERROR: Error saving editor settings to C:/Users/user/AppData/Roaming/Godot/editor_settings-4.7.tres
   at: save (editor/settings/editor_settings.cpp:1525)
